1.0 0.0 0.0
0.0 1.0 0.0
0.0 0.0 1.0
49.81007063       49.79930828       48.57409755
1.0 0.0 0.0
0.0 1.0 0.0
0.0 0.0 1.0
49.81007063       49.79930828       48.57409755
1.0 0.0 0.0
0.0 1.0 0.0
0.0 0.0 1.0
49.81007063       49.79930828       48.57409755
1.0 0.0 0.0
0.0 1.0 0.0
0.0 0.0 1.0
49.81007063       49.79930828       48.57409755
1.0 0.0 0.0
0.0 1.0 0.0
0.0 0.0 1.0
49.81007063       49.79930828       48.57409755
1.0 0.0 0.0
0.0 1.0 0.0
0.0 0.0 1.0
49.81007063       49.79930828       48.57409755
1.0 0.0 0.0
0.0 1.0 0.0
0.0 0.0 1.0
49.81007063       49.79930828       48.57409755
1.0 0.0 0.0
0.0 1.0 0.0
0.0 0.0 1.0
49.81007063       49.79930828       48.57409755
1.0 0.0 0.0
0.0 1.0 0.0
0.0 0.0 1.0
49.81007063       49.79930828       48.57409755
1.0 0.0 0.0
0.0 1.0 0.0
0.0 0.0 1.0
49.81007063       49.79930828       48.57409755
